{
  "description": "Auto mode test - should select raster pipeline for opaque materials",
  "ops": [
    {
      "op": "load",
      "path": "assets/models/sphere.obj",
      "name": "OpaqueMetalSphere",
      "position": [0, 0, 0],
      "scale": [1, 1, 1],
      "material": {
        "baseColor": [0.8, 0.6, 0.3],
        "metallic": 1.0,
        "roughness": 0.2,
        "transmission": 0.0,
        "ior": 1.0
      }
    },
    {
      "op": "add_light",
      "type": "point",
      "position": [2, 3, 2],
      "color": [1, 1, 1],
      "intensity": 2.0
    },
    {
      "op": "set_camera",
      "position": [4, 2, 4],
      "target": [0, 0, 0],
      "fov": 45
    },
    {
      "op": "set_background",
      "color": [0.1, 0.1, 0.1]
    }
  ]
}