{
  "camera": {
    "position": [0, 0, 3],
    "target": [0, 0, 0],
    "fov": 45
  },
  "objects": [
    { "op": "add_cube", "name": "base", "size": 2.0, "position": [0, -1.5, 0], "material": { "color": [0.9, 0.9, 0.9], "roughness": 0.8, "metallic": 0.0 } },
    { "op": "add_sphere", "name": "glass_sphere", "radius": 0.75, "position": [0, 0, 0],
      "material": { "color": [0.95, 0.98, 1.0], "roughness": 0.2, "metallic": 0.0, "ior": 1.5, "transmission": 0.85, "thickness": 0.2 } }
  ],
  "lights": [
    { "type": "directional", "direction": [0.5, -1.0, -0.3] }
  ]
}

