[
  { "op": "set_camera", "position": [3, 2, 3], "target": [0, 0, 0], "fov_deg": 45 },
  { "op": "add_light", "position": [2, 2, 2], "color": [1, 1, 1], "intensity": 1.0 },
  { "op": "set_background", "color": [0.1, 0.1, 0.2] },
  { "op": "load", "path": "assets/models/sphere.obj", "name": "OpaqueSphere", "transform": { "position": [0, 0, 0], "scale": [1, 1, 1] } }
]